// Jest Snapshot v1, https://goo.gl/fbAQLP

exports[`DemoComponent renders correctly 1`] = `
<p>
  THIS IS A REACT COMPONENT
</p>
`;
